/*C3*/SET SCHEMA PUBLIC
DISCONNECT
/*C4*/SET SCHEMA PUBLIC
CREATE TABLE category (\u000d\u000a  id int NOT NULL GENERATED BY DEFAULT AS IDENTITY,\u000d\u000a  name varchar(255) DEFAULT NULL,\u000d\u000a  PRIMARY KEY (id)\u000d\u000a) 
INSERT INTO CATEGORY VALUES(0,'category1')
COMMIT
INSERT INTO CATEGORY VALUES(1,'category2')
COMMIT
INSERT INTO CATEGORY VALUES(2,'category3')
COMMIT
INSERT INTO CATEGORY VALUES(3,'category1')
COMMIT
INSERT INTO CATEGORY VALUES(4,'category2')
COMMIT
INSERT INTO CATEGORY VALUES(5,'category3')
COMMIT
DROP TABLE category 
DISCONNECT
/*C5*/SET SCHEMA PUBLIC
CREATE TABLE user (\u000d\u000a  id int NOT NULL GENERATED BY DEFAULT AS IDENTITY,\u000d\u000a  name varchar(255) DEFAULT NULL,\u000d\u000a  PRIMARY KEY (id)\u000d\u000a) 
INSERT INTO USER VALUES(0,'\u5f20\u4e09')
COMMIT
INSERT INTO USER VALUES(1,'\u674e\u56db')
COMMIT
INSERT INTO USER VALUES(2,'\u963f\u6d0b')
COMMIT
